// Jest Snapshot v1, https://goo.gl/fbAQLP

exports[`App Component renders the UI 1`] = `
<main
  className="App"
>
  <header>
    <h1>
      Star Wars API Search
    </h1>
  </header>
  <div
    className="search"
  >
    <form
      className="search-form"
      onSubmit={[Function]}
    >
      <label
        className="search"
        htmlFor="search-bar"
      >
        Search: 
      </label>
      <input
        className="search-bar"
        onChange={[Function]}
        required={true}
        type="text"
      />
      <label
        className="filter"
        htmlFor="filter-select"
      >
        Filter: 
      </label>
      <select
        className="filter-select"
        onChange={[Function]}
        required={true}
      >
        <option
          value=""
        >
          Select One
        </option>
        <option
          value="planets"
        >
          Planets
        </option>
        <option
          value="starships"
        >
          Starships
        </option>
        <option
          value="vehicles"
        >
          Vehicles
        </option>
        <option
          value="people"
        >
          Characters
        </option>
        <option
          value="films"
        >
          Films
        </option>
        <option
          value="species"
        >
          Species
        </option>
      </select>
      <button
        type="submit"
      >
        Search
      </button>
    </form>
  </div>
  <div />
</main>
`;
